/home/delia/voice_ros2/install/conversational_client/lib/python3.12/site-packages/conversational_client/audio_playback_node.py
/home/delia/voice_ros2/install/conversational_client/lib/python3.12/site-packages/conversational_client/audio_capture_node.py
/home/delia/voice_ros2/install/conversational_client/lib/python3.12/site-packages/conversational_client/audio_segment_node.py
/home/delia/voice_ros2/install/conversational_client/lib/python3.12/site-packages/conversational_client/vad_node.py
/home/delia/voice_ros2/install/conversational_client/lib/python3.12/site-packages/conversational_client/wake_word_node.py
/home/delia/voice_ros2/install/conversational_client/lib/python3.12/site-packages/conversational_client/barge_in_node.py
/home/delia/voice_ros2/install/conversational_client/lib/python3.12/site-packages/conversational_client/__init__.py
/home/delia/voice_ros2/install/conversational_client/lib/python3.12/site-packages/conversational_client/__pycache__/audio_playback_node.cpython-312.pyc
/home/delia/voice_ros2/install/conversational_client/lib/python3.12/site-packages/conversational_client/__pycache__/audio_capture_node.cpython-312.pyc
/home/delia/voice_ros2/install/conversational_client/lib/python3.12/site-packages/conversational_client/__pycache__/audio_segment_node.cpython-312.pyc
/home/delia/voice_ros2/install/conversational_client/lib/python3.12/site-packages/conversational_client/__pycache__/vad_node.cpython-312.pyc
/home/delia/voice_ros2/install/conversational_client/lib/python3.12/site-packages/conversational_client/__pycache__/wake_word_node.cpython-312.pyc
/home/delia/voice_ros2/install/conversational_client/lib/python3.12/site-packages/conversational_client/__pycache__/barge_in_node.cpython-312.pyc
/home/delia/voice_ros2/install/conversational_client/lib/python3.12/site-packages/conversational_client/__pycache__/__init__.cpython-312.pyc
/home/delia/voice_ros2/install/conversational_client/share/ament_index/resource_index/packages/conversational_client
/home/delia/voice_ros2/install/conversational_client/share/conversational_client/package.xml
/home/delia/voice_ros2/install/conversational_client/share/conversational_client/launch/client_pipeline.launch.py
/home/delia/voice_ros2/install/conversational_client/share/conversational_client/models/goodbye_robot.onnx
/home/delia/voice_ros2/install/conversational_client/share/conversational_client/models/stop_robot.onnx
/home/delia/voice_ros2/install/conversational_client/share/conversational_client/models/hello_robot.onnx
/home/delia/voice_ros2/install/conversational_client/lib/python3.12/site-packages/conversational_client-0.0.0-py3.12.egg-info/entry_points.txt
/home/delia/voice_ros2/install/conversational_client/lib/python3.12/site-packages/conversational_client-0.0.0-py3.12.egg-info/dependency_links.txt
/home/delia/voice_ros2/install/conversational_client/lib/python3.12/site-packages/conversational_client-0.0.0-py3.12.egg-info/PKG-INFO
/home/delia/voice_ros2/install/conversational_client/lib/python3.12/site-packages/conversational_client-0.0.0-py3.12.egg-info/SOURCES.txt
/home/delia/voice_ros2/install/conversational_client/lib/python3.12/site-packages/conversational_client-0.0.0-py3.12.egg-info/requires.txt
/home/delia/voice_ros2/install/conversational_client/lib/python3.12/site-packages/conversational_client-0.0.0-py3.12.egg-info/top_level.txt
/home/delia/voice_ros2/install/conversational_client/lib/python3.12/site-packages/conversational_client-0.0.0-py3.12.egg-info/zip-safe
/home/delia/voice_ros2/install/conversational_client/lib/conversational_client/audio_capture_node
/home/delia/voice_ros2/install/conversational_client/lib/conversational_client/audio_playback_node
/home/delia/voice_ros2/install/conversational_client/lib/conversational_client/audio_segment_node
/home/delia/voice_ros2/install/conversational_client/lib/conversational_client/barge_in_node
/home/delia/voice_ros2/install/conversational_client/lib/conversational_client/vad_node
/home/delia/voice_ros2/install/conversational_client/lib/conversational_client/wake_word_node
