[0.457s] Invoking command in '/home/valee/voice_ros2/conversational_client': AMENT_PREFIX_PATH=/home/valee/voice_ros2/install/conversational_interfaces:${AMENT_PREFIX_PATH} CMAKE_PREFIX_PATH=/home/valee/voice_ros2/install/conversational_interfaces:${CMAKE_PREFIX_PATH} DEBUGINFOD_URLS=https://debuginfod.ubuntu.com LD_LIBRARY_PATH=/home/valee/voice_ros2/install/conversational_interfaces/lib:${LD_LIBRARY_PATH} PYTHONPATH=/home/valee/voice_ros2/build/conversational_client/prefix_override:/usr/lib/python3/dist-packages/colcon_core/task/python/colcon_distutils_commands:/home/valee/voice_ros2/install/conversational_client/lib/python3.12/site-packages:/home/valee/voice_ros2/install/conversational_interfaces/lib/python3.12/site-packages:${PYTHONPATH} /usr/bin/python3 -W ignore:setup.py install is deprecated -W ignore:easy_install command is deprecated setup.py egg_info --egg-base ../build/conversational_client build --build-base /home/valee/voice_ros2/build/conversational_client/build install --record /home/valee/voice_ros2/build/conversational_client/install.log --single-version-externally-managed install_data
[0.607s] running egg_info
[0.617s] writing ../build/conversational_client/conversational_client.egg-info/PKG-INFO
[0.617s] writing dependency_links to ../build/conversational_client/conversational_client.egg-info/dependency_links.txt
[0.617s] writing entry points to ../build/conversational_client/conversational_client.egg-info/entry_points.txt
[0.617s] writing requirements to ../build/conversational_client/conversational_client.egg-info/requires.txt
[0.618s] writing top-level names to ../build/conversational_client/conversational_client.egg-info/top_level.txt
[0.639s] reading manifest file '../build/conversational_client/conversational_client.egg-info/SOURCES.txt'
[0.639s] writing manifest file '../build/conversational_client/conversational_client.egg-info/SOURCES.txt'
[0.639s] running build
[0.640s] running build_py
[0.640s] copying conversational_client/stop_keyword_node.py -> /home/valee/voice_ros2/build/conversational_client/build/lib/conversational_client
[0.640s] running install
[0.644s] running install_lib
[0.654s] copying /home/valee/voice_ros2/build/conversational_client/build/lib/conversational_client/stop_keyword_node.py -> /home/valee/voice_ros2/install/conversational_client/lib/python3.12/site-packages/conversational_client
[0.655s] byte-compiling /home/valee/voice_ros2/install/conversational_client/lib/python3.12/site-packages/conversational_client/stop_keyword_node.py to stop_keyword_node.cpython-312.pyc
[0.656s] running install_data
[0.656s] running install_egg_info
[0.668s] removing '/home/valee/voice_ros2/install/conversational_client/lib/python3.12/site-packages/conversational_client-0.0.0-py3.12.egg-info' (and everything under it)
[0.669s] Copying ../build/conversational_client/conversational_client.egg-info to /home/valee/voice_ros2/install/conversational_client/lib/python3.12/site-packages/conversational_client-0.0.0-py3.12.egg-info
[0.669s] running install_scripts
[0.743s] Installing audio_capture_node script to /home/valee/voice_ros2/install/conversational_client/lib/conversational_client
[0.743s] Installing audio_playback_node script to /home/valee/voice_ros2/install/conversational_client/lib/conversational_client
[0.743s] Installing barge_in_node script to /home/valee/voice_ros2/install/conversational_client/lib/conversational_client
[0.743s] Installing stop_keyword_node script to /home/valee/voice_ros2/install/conversational_client/lib/conversational_client
[0.743s] Installing vad_node script to /home/valee/voice_ros2/install/conversational_client/lib/conversational_client
[0.743s] Installing wake_word_node script to /home/valee/voice_ros2/install/conversational_client/lib/conversational_client
[0.743s] writing list of installed files to '/home/valee/voice_ros2/build/conversational_client/install.log'
[0.760s] Invoked command in '/home/valee/voice_ros2/conversational_client' returned '0': AMENT_PREFIX_PATH=/home/valee/voice_ros2/install/conversational_interfaces:${AMENT_PREFIX_PATH} CMAKE_PREFIX_PATH=/home/valee/voice_ros2/install/conversational_interfaces:${CMAKE_PREFIX_PATH} DEBUGINFOD_URLS=https://debuginfod.ubuntu.com LD_LIBRARY_PATH=/home/valee/voice_ros2/install/conversational_interfaces/lib:${LD_LIBRARY_PATH} PYTHONPATH=/home/valee/voice_ros2/build/conversational_client/prefix_override:/usr/lib/python3/dist-packages/colcon_core/task/python/colcon_distutils_commands:/home/valee/voice_ros2/install/conversational_client/lib/python3.12/site-packages:/home/valee/voice_ros2/install/conversational_interfaces/lib/python3.12/site-packages:${PYTHONPATH} /usr/bin/python3 -W ignore:setup.py install is deprecated -W ignore:easy_install command is deprecated setup.py egg_info --egg-base ../build/conversational_client build --build-base /home/valee/voice_ros2/build/conversational_client/build install --record /home/valee/voice_ros2/build/conversational_client/install.log --single-version-externally-managed install_data
