[0.579s] Invoking command in '/home/valee/voice_ros2/conversational_client': AMENT_PREFIX_PATH=/home/valee/voice_ros2/install/conversational_interfaces:${AMENT_PREFIX_PATH} CMAKE_PREFIX_PATH=/home/valee/voice_ros2/install/conversational_interfaces:${CMAKE_PREFIX_PATH} DEBUGINFOD_URLS=https://debuginfod.ubuntu.com LD_LIBRARY_PATH=/home/valee/voice_ros2/install/conversational_interfaces/lib:${LD_LIBRARY_PATH} PYTHONPATH=/home/valee/voice_ros2/build/conversational_client/prefix_override:/usr/lib/python3/dist-packages/colcon_core/task/python/colcon_distutils_commands:/home/valee/voice_ros2/install/conversational_client/lib/python3.12/site-packages:/home/valee/voice_ros2/install/conversational_interfaces/lib/python3.12/site-packages:${PYTHONPATH} /usr/bin/python3 -W ignore:setup.py install is deprecated -W ignore:easy_install command is deprecated setup.py egg_info --egg-base ../build/conversational_client build --build-base /home/valee/voice_ros2/build/conversational_client/build install --record /home/valee/voice_ros2/build/conversational_client/install.log --single-version-externally-managed install_data
[0.728s] running egg_info
[0.739s] writing ../build/conversational_client/conversational_client.egg-info/PKG-INFO
[0.739s] writing dependency_links to ../build/conversational_client/conversational_client.egg-info/dependency_links.txt
[0.739s] writing entry points to ../build/conversational_client/conversational_client.egg-info/entry_points.txt
[0.739s] writing requirements to ../build/conversational_client/conversational_client.egg-info/requires.txt
[0.740s] writing top-level names to ../build/conversational_client/conversational_client.egg-info/top_level.txt
[0.760s] reading manifest file '../build/conversational_client/conversational_client.egg-info/SOURCES.txt'
[0.761s] writing manifest file '../build/conversational_client/conversational_client.egg-info/SOURCES.txt'
[0.761s] running build
[0.761s] running build_py
[0.761s] running install
[0.765s] running install_lib
[0.776s] running install_data
[0.776s] running install_egg_info
[0.787s] removing '/home/valee/voice_ros2/install/conversational_client/lib/python3.12/site-packages/conversational_client-0.0.0-py3.12.egg-info' (and everything under it)
[0.788s] Copying ../build/conversational_client/conversational_client.egg-info to /home/valee/voice_ros2/install/conversational_client/lib/python3.12/site-packages/conversational_client-0.0.0-py3.12.egg-info
[0.788s] running install_scripts
[0.861s] Installing audio_capture_node script to /home/valee/voice_ros2/install/conversational_client/lib/conversational_client
[0.861s] Installing audio_playback_node script to /home/valee/voice_ros2/install/conversational_client/lib/conversational_client
[0.861s] Installing barge_in_node script to /home/valee/voice_ros2/install/conversational_client/lib/conversational_client
[0.861s] Installing vad_node script to /home/valee/voice_ros2/install/conversational_client/lib/conversational_client
[0.861s] Installing wake_word_node script to /home/valee/voice_ros2/install/conversational_client/lib/conversational_client
[0.861s] writing list of installed files to '/home/valee/voice_ros2/build/conversational_client/install.log'
[0.882s] Invoked command in '/home/valee/voice_ros2/conversational_client' returned '0': AMENT_PREFIX_PATH=/home/valee/voice_ros2/install/conversational_interfaces:${AMENT_PREFIX_PATH} CMAKE_PREFIX_PATH=/home/valee/voice_ros2/install/conversational_interfaces:${CMAKE_PREFIX_PATH} DEBUGINFOD_URLS=https://debuginfod.ubuntu.com LD_LIBRARY_PATH=/home/valee/voice_ros2/install/conversational_interfaces/lib:${LD_LIBRARY_PATH} PYTHONPATH=/home/valee/voice_ros2/build/conversational_client/prefix_override:/usr/lib/python3/dist-packages/colcon_core/task/python/colcon_distutils_commands:/home/valee/voice_ros2/install/conversational_client/lib/python3.12/site-packages:/home/valee/voice_ros2/install/conversational_interfaces/lib/python3.12/site-packages:${PYTHONPATH} /usr/bin/python3 -W ignore:setup.py install is deprecated -W ignore:easy_install command is deprecated setup.py egg_info --egg-base ../build/conversational_client build --build-base /home/valee/voice_ros2/build/conversational_client/build install --record /home/valee/voice_ros2/build/conversational_client/install.log --single-version-externally-managed install_data
