running develop
Removing /home/valee/voice_ros2/install/conversational_server/lib/python3.12/site-packages/conversational-server.egg-link (link to .)
running egg_info
writing ../build/conversational_server/conversational_server.egg-info/PKG-INFO
writing dependency_links to ../build/conversational_server/conversational_server.egg-info/dependency_links.txt
writing entry points to ../build/conversational_server/conversational_server.egg-info/entry_points.txt
writing requirements to ../build/conversational_server/conversational_server.egg-info/requires.txt
writing top-level names to ../build/conversational_server/conversational_server.egg-info/top_level.txt
reading manifest file '../build/conversational_server/conversational_server.egg-info/SOURCES.txt'
writing manifest file '../build/conversational_server/conversational_server.egg-info/SOURCES.txt'
running build
running build_py
creating /home/valee/voice_ros2/build/conversational_server/build
creating /home/valee/voice_ros2/build/conversational_server/build/lib
creating /home/valee/voice_ros2/build/conversational_server/build/lib/conversational_server
copying conversational_server/asr_node.py -> /home/valee/voice_ros2/build/conversational_server/build/lib/conversational_server
copying conversational_server/__init__.py -> /home/valee/voice_ros2/build/conversational_server/build/lib/conversational_server
copying conversational_server/stream_shaper.py -> /home/valee/voice_ros2/build/conversational_server/build/lib/conversational_server
copying conversational_server/tts_node.py -> /home/valee/voice_ros2/build/conversational_server/build/lib/conversational_server
copying conversational_server/llm_node.py -> /home/valee/voice_ros2/build/conversational_server/build/lib/conversational_server
running install
running install_lib
creating /home/valee/voice_ros2/install/conversational_server/lib/python3.12/site-packages/conversational_server
copying /home/valee/voice_ros2/build/conversational_server/build/lib/conversational_server/asr_node.py -> /home/valee/voice_ros2/install/conversational_server/lib/python3.12/site-packages/conversational_server
copying /home/valee/voice_ros2/build/conversational_server/build/lib/conversational_server/__init__.py -> /home/valee/voice_ros2/install/conversational_server/lib/python3.12/site-packages/conversational_server
copying /home/valee/voice_ros2/build/conversational_server/build/lib/conversational_server/stream_shaper.py -> /home/valee/voice_ros2/install/conversational_server/lib/python3.12/site-packages/conversational_server
copying /home/valee/voice_ros2/build/conversational_server/build/lib/conversational_server/tts_node.py -> /home/valee/voice_ros2/install/conversational_server/lib/python3.12/site-packages/conversational_server
copying /home/valee/voice_ros2/build/conversational_server/build/lib/conversational_server/llm_node.py -> /home/valee/voice_ros2/install/conversational_server/lib/python3.12/site-packages/conversational_server
byte-compiling /home/valee/voice_ros2/install/conversational_server/lib/python3.12/site-packages/conversational_server/asr_node.py to asr_node.cpython-312.pyc
byte-compiling /home/valee/voice_ros2/install/conversational_server/lib/python3.12/site-packages/conversational_server/__init__.py to __init__.cpython-312.pyc
byte-compiling /home/valee/voice_ros2/install/conversational_server/lib/python3.12/site-packages/conversational_server/stream_shaper.py to stream_shaper.cpython-312.pyc
byte-compiling /home/valee/voice_ros2/install/conversational_server/lib/python3.12/site-packages/conversational_server/tts_node.py to tts_node.cpython-312.pyc
byte-compiling /home/valee/voice_ros2/install/conversational_server/lib/python3.12/site-packages/conversational_server/llm_node.py to llm_node.cpython-312.pyc
running install_data
copying resource/conversational_server -> /home/valee/voice_ros2/install/conversational_server/share/ament_index/resource_index/packages
copying package.xml -> /home/valee/voice_ros2/install/conversational_server/share/conversational_server
copying launch/full_system.launch.py -> /home/valee/voice_ros2/install/conversational_server/share/conversational_server/launch
copying launch/server_pipeline.launch.py -> /home/valee/voice_ros2/install/conversational_server/share/conversational_server/launch
running install_egg_info
Copying ../build/conversational_server/conversational_server.egg-info to /home/valee/voice_ros2/install/conversational_server/lib/python3.12/site-packages/conversational_server-0.0.0-py3.12.egg-info
running install_scripts
Installing asr_node script to /home/valee/voice_ros2/install/conversational_server/lib/conversational_server
Installing llm_node script to /home/valee/voice_ros2/install/conversational_server/lib/conversational_server
Installing tts_node script to /home/valee/voice_ros2/install/conversational_server/lib/conversational_server
writing list of installed files to '/home/valee/voice_ros2/build/conversational_server/install.log'
