[0.648s] Invoking command in '/home/valee/voice_ros2/build/conversational_server': AMENT_PREFIX_PATH=/home/valee/voice_ros2/install/conversational_interfaces:${AMENT_PREFIX_PATH} CMAKE_PREFIX_PATH=/home/valee/voice_ros2/install/conversational_interfaces:${CMAKE_PREFIX_PATH} DEBUGINFOD_URLS=https://debuginfod.ubuntu.com LD_LIBRARY_PATH=/home/valee/voice_ros2/install/conversational_interfaces/lib:${LD_LIBRARY_PATH} PYTHONPATH=/home/valee/voice_ros2/build/conversational_server/prefix_override:/usr/lib/python3/dist-packages/colcon_core/task/python/colcon_distutils_commands:/home/valee/voice_ros2/install/conversational_server/lib/python3.12/site-packages:/home/valee/voice_ros2/install/conversational_interfaces/lib/python3.12/site-packages:${PYTHONPATH} /usr/bin/python3 -W ignore:setup.py install is deprecated -W ignore:easy_install command is deprecated setup.py develop --uninstall --editable --build-directory /home/valee/voice_ros2/build/conversational_server/build
[0.829s] running develop
[0.939s] Removing /home/valee/voice_ros2/install/conversational_server/lib/python3.12/site-packages/conversational-server.egg-link (link to .)
[0.958s] Invoked command in '/home/valee/voice_ros2/build/conversational_server' returned '0': AMENT_PREFIX_PATH=/home/valee/voice_ros2/install/conversational_interfaces:${AMENT_PREFIX_PATH} CMAKE_PREFIX_PATH=/home/valee/voice_ros2/install/conversational_interfaces:${CMAKE_PREFIX_PATH} DEBUGINFOD_URLS=https://debuginfod.ubuntu.com LD_LIBRARY_PATH=/home/valee/voice_ros2/install/conversational_interfaces/lib:${LD_LIBRARY_PATH} PYTHONPATH=/home/valee/voice_ros2/build/conversational_server/prefix_override:/usr/lib/python3/dist-packages/colcon_core/task/python/colcon_distutils_commands:/home/valee/voice_ros2/install/conversational_server/lib/python3.12/site-packages:/home/valee/voice_ros2/install/conversational_interfaces/lib/python3.12/site-packages:${PYTHONPATH} /usr/bin/python3 -W ignore:setup.py install is deprecated -W ignore:easy_install command is deprecated setup.py develop --uninstall --editable --build-directory /home/valee/voice_ros2/build/conversational_server/build
[0.958s] Invoking command in '/home/valee/voice_ros2/conversational_server': AMENT_PREFIX_PATH=/home/valee/voice_ros2/install/conversational_interfaces:${AMENT_PREFIX_PATH} CMAKE_PREFIX_PATH=/home/valee/voice_ros2/install/conversational_interfaces:${CMAKE_PREFIX_PATH} DEBUGINFOD_URLS=https://debuginfod.ubuntu.com LD_LIBRARY_PATH=/home/valee/voice_ros2/install/conversational_interfaces/lib:${LD_LIBRARY_PATH} PYTHONPATH=/home/valee/voice_ros2/build/conversational_server/prefix_override:/usr/lib/python3/dist-packages/colcon_core/task/python/colcon_distutils_commands:/home/valee/voice_ros2/install/conversational_server/lib/python3.12/site-packages:/home/valee/voice_ros2/install/conversational_interfaces/lib/python3.12/site-packages:${PYTHONPATH} /usr/bin/python3 -W ignore:setup.py install is deprecated -W ignore:easy_install command is deprecated setup.py egg_info --egg-base ../build/conversational_server build --build-base /home/valee/voice_ros2/build/conversational_server/build install --record /home/valee/voice_ros2/build/conversational_server/install.log --single-version-externally-managed install_data --force
[1.112s] running egg_info
[1.123s] writing ../build/conversational_server/conversational_server.egg-info/PKG-INFO
[1.123s] writing dependency_links to ../build/conversational_server/conversational_server.egg-info/dependency_links.txt
[1.123s] writing entry points to ../build/conversational_server/conversational_server.egg-info/entry_points.txt
[1.123s] writing requirements to ../build/conversational_server/conversational_server.egg-info/requires.txt
[1.123s] writing top-level names to ../build/conversational_server/conversational_server.egg-info/top_level.txt
[1.145s] reading manifest file '../build/conversational_server/conversational_server.egg-info/SOURCES.txt'
[1.145s] writing manifest file '../build/conversational_server/conversational_server.egg-info/SOURCES.txt'
[1.146s] running build
[1.146s] running build_py
[1.146s] creating /home/valee/voice_ros2/build/conversational_server/build
[1.146s] creating /home/valee/voice_ros2/build/conversational_server/build/lib
[1.146s] creating /home/valee/voice_ros2/build/conversational_server/build/lib/conversational_server
[1.146s] copying conversational_server/asr_node.py -> /home/valee/voice_ros2/build/conversational_server/build/lib/conversational_server
[1.146s] copying conversational_server/__init__.py -> /home/valee/voice_ros2/build/conversational_server/build/lib/conversational_server
[1.146s] copying conversational_server/stream_shaper.py -> /home/valee/voice_ros2/build/conversational_server/build/lib/conversational_server
[1.146s] copying conversational_server/tts_node.py -> /home/valee/voice_ros2/build/conversational_server/build/lib/conversational_server
[1.146s] copying conversational_server/llm_node.py -> /home/valee/voice_ros2/build/conversational_server/build/lib/conversational_server
[1.146s] running install
[1.150s] running install_lib
[1.161s] creating /home/valee/voice_ros2/install/conversational_server/lib/python3.12/site-packages/conversational_server
[1.161s] copying /home/valee/voice_ros2/build/conversational_server/build/lib/conversational_server/asr_node.py -> /home/valee/voice_ros2/install/conversational_server/lib/python3.12/site-packages/conversational_server
[1.161s] copying /home/valee/voice_ros2/build/conversational_server/build/lib/conversational_server/__init__.py -> /home/valee/voice_ros2/install/conversational_server/lib/python3.12/site-packages/conversational_server
[1.162s] copying /home/valee/voice_ros2/build/conversational_server/build/lib/conversational_server/stream_shaper.py -> /home/valee/voice_ros2/install/conversational_server/lib/python3.12/site-packages/conversational_server
[1.162s] copying /home/valee/voice_ros2/build/conversational_server/build/lib/conversational_server/tts_node.py -> /home/valee/voice_ros2/install/conversational_server/lib/python3.12/site-packages/conversational_server
[1.162s] copying /home/valee/voice_ros2/build/conversational_server/build/lib/conversational_server/llm_node.py -> /home/valee/voice_ros2/install/conversational_server/lib/python3.12/site-packages/conversational_server
[1.162s] byte-compiling /home/valee/voice_ros2/install/conversational_server/lib/python3.12/site-packages/conversational_server/asr_node.py to asr_node.cpython-312.pyc
[1.164s] byte-compiling /home/valee/voice_ros2/install/conversational_server/lib/python3.12/site-packages/conversational_server/__init__.py to __init__.cpython-312.pyc
[1.164s] byte-compiling /home/valee/voice_ros2/install/conversational_server/lib/python3.12/site-packages/conversational_server/stream_shaper.py to stream_shaper.cpython-312.pyc
[1.164s] byte-compiling /home/valee/voice_ros2/install/conversational_server/lib/python3.12/site-packages/conversational_server/tts_node.py to tts_node.cpython-312.pyc
[1.166s] byte-compiling /home/valee/voice_ros2/install/conversational_server/lib/python3.12/site-packages/conversational_server/llm_node.py to llm_node.cpython-312.pyc
[1.167s] running install_data
[1.167s] copying resource/conversational_server -> /home/valee/voice_ros2/install/conversational_server/share/ament_index/resource_index/packages
[1.167s] copying package.xml -> /home/valee/voice_ros2/install/conversational_server/share/conversational_server
[1.168s] copying launch/full_system.launch.py -> /home/valee/voice_ros2/install/conversational_server/share/conversational_server/launch
[1.168s] copying launch/server_pipeline.launch.py -> /home/valee/voice_ros2/install/conversational_server/share/conversational_server/launch
[1.168s] running install_egg_info
[1.179s] Copying ../build/conversational_server/conversational_server.egg-info to /home/valee/voice_ros2/install/conversational_server/lib/python3.12/site-packages/conversational_server-0.0.0-py3.12.egg-info
[1.180s] running install_scripts
[1.252s] Installing asr_node script to /home/valee/voice_ros2/install/conversational_server/lib/conversational_server
[1.253s] Installing llm_node script to /home/valee/voice_ros2/install/conversational_server/lib/conversational_server
[1.253s] Installing tts_node script to /home/valee/voice_ros2/install/conversational_server/lib/conversational_server
[1.253s] writing list of installed files to '/home/valee/voice_ros2/build/conversational_server/install.log'
[1.279s] Invoked command in '/home/valee/voice_ros2/conversational_server' returned '0': AMENT_PREFIX_PATH=/home/valee/voice_ros2/install/conversational_interfaces:${AMENT_PREFIX_PATH} CMAKE_PREFIX_PATH=/home/valee/voice_ros2/install/conversational_interfaces:${CMAKE_PREFIX_PATH} DEBUGINFOD_URLS=https://debuginfod.ubuntu.com LD_LIBRARY_PATH=/home/valee/voice_ros2/install/conversational_interfaces/lib:${LD_LIBRARY_PATH} PYTHONPATH=/home/valee/voice_ros2/build/conversational_server/prefix_override:/usr/lib/python3/dist-packages/colcon_core/task/python/colcon_distutils_commands:/home/valee/voice_ros2/install/conversational_server/lib/python3.12/site-packages:/home/valee/voice_ros2/install/conversational_interfaces/lib/python3.12/site-packages:${PYTHONPATH} /usr/bin/python3 -W ignore:setup.py install is deprecated -W ignore:easy_install command is deprecated setup.py egg_info --egg-base ../build/conversational_server build --build-base /home/valee/voice_ros2/build/conversational_server/build install --record /home/valee/voice_ros2/build/conversational_server/install.log --single-version-externally-managed install_data --force
