/home/valee/voice_ros2/install/conversational_server/lib/python3.12/site-packages/conversational_server/asr_node.py
/home/valee/voice_ros2/install/conversational_server/lib/python3.12/site-packages/conversational_server/__init__.py
/home/valee/voice_ros2/install/conversational_server/lib/python3.12/site-packages/conversational_server/stream_shaper.py
/home/valee/voice_ros2/install/conversational_server/lib/python3.12/site-packages/conversational_server/tts_node.py
/home/valee/voice_ros2/install/conversational_server/lib/python3.12/site-packages/conversational_server/llm_node.py
/home/valee/voice_ros2/install/conversational_server/lib/python3.12/site-packages/conversational_server/__pycache__/asr_node.cpython-312.pyc
/home/valee/voice_ros2/install/conversational_server/lib/python3.12/site-packages/conversational_server/__pycache__/__init__.cpython-312.pyc
/home/valee/voice_ros2/install/conversational_server/lib/python3.12/site-packages/conversational_server/__pycache__/stream_shaper.cpython-312.pyc
/home/valee/voice_ros2/install/conversational_server/lib/python3.12/site-packages/conversational_server/__pycache__/tts_node.cpython-312.pyc
/home/valee/voice_ros2/install/conversational_server/lib/python3.12/site-packages/conversational_server/__pycache__/llm_node.cpython-312.pyc
/home/valee/voice_ros2/install/conversational_server/share/ament_index/resource_index/packages/conversational_server
/home/valee/voice_ros2/install/conversational_server/share/conversational_server/package.xml
/home/valee/voice_ros2/install/conversational_server/share/conversational_server/launch/full_system.launch.py
/home/valee/voice_ros2/install/conversational_server/share/conversational_server/launch/server_pipeline.launch.py
/home/valee/voice_ros2/install/conversational_server/lib/python3.12/site-packages/conversational_server-0.0.0-py3.12.egg-info/zip-safe
/home/valee/voice_ros2/install/conversational_server/lib/python3.12/site-packages/conversational_server-0.0.0-py3.12.egg-info/dependency_links.txt
/home/valee/voice_ros2/install/conversational_server/lib/python3.12/site-packages/conversational_server-0.0.0-py3.12.egg-info/SOURCES.txt
/home/valee/voice_ros2/install/conversational_server/lib/python3.12/site-packages/conversational_server-0.0.0-py3.12.egg-info/entry_points.txt
/home/valee/voice_ros2/install/conversational_server/lib/python3.12/site-packages/conversational_server-0.0.0-py3.12.egg-info/top_level.txt
/home/valee/voice_ros2/install/conversational_server/lib/python3.12/site-packages/conversational_server-0.0.0-py3.12.egg-info/PKG-INFO
/home/valee/voice_ros2/install/conversational_server/lib/python3.12/site-packages/conversational_server-0.0.0-py3.12.egg-info/requires.txt
/home/valee/voice_ros2/install/conversational_server/lib/conversational_server/asr_node
/home/valee/voice_ros2/install/conversational_server/lib/conversational_server/llm_node
/home/valee/voice_ros2/install/conversational_server/lib/conversational_server/tts_node
