running develop
Removing /home/valee/voice_ros2/install/conversational_client/lib/python3.12/site-packages/conversational-client.egg-link (link to .)
running egg_info
writing ../build/conversational_client/conversational_client.egg-info/PKG-INFO
writing dependency_links to ../build/conversational_client/conversational_client.egg-info/dependency_links.txt
writing entry points to ../build/conversational_client/conversational_client.egg-info/entry_points.txt
writing requirements to ../build/conversational_client/conversational_client.egg-info/requires.txt
writing top-level names to ../build/conversational_client/conversational_client.egg-info/top_level.txt
reading manifest file '../build/conversational_client/conversational_client.egg-info/SOURCES.txt'
writing manifest file '../build/conversational_client/conversational_client.egg-info/SOURCES.txt'
running build
running build_py
creating /home/valee/voice_ros2/build/conversational_client/build
creating /home/valee/voice_ros2/build/conversational_client/build/lib
creating /home/valee/voice_ros2/build/conversational_client/build/lib/conversational_client
copying conversational_client/audio_capture_node.py -> /home/valee/voice_ros2/build/conversational_client/build/lib/conversational_client
copying conversational_client/__init__.py -> /home/valee/voice_ros2/build/conversational_client/build/lib/conversational_client
copying conversational_client/vad_node.py -> /home/valee/voice_ros2/build/conversational_client/build/lib/conversational_client
copying conversational_client/audio_playback_node.py -> /home/valee/voice_ros2/build/conversational_client/build/lib/conversational_client
copying conversational_client/barge_in_node.py -> /home/valee/voice_ros2/build/conversational_client/build/lib/conversational_client
copying conversational_client/wake_word_node.py -> /home/valee/voice_ros2/build/conversational_client/build/lib/conversational_client
running install
running install_lib
creating /home/valee/voice_ros2/install/conversational_client/lib/python3.12/site-packages/conversational_client
copying /home/valee/voice_ros2/build/conversational_client/build/lib/conversational_client/audio_capture_node.py -> /home/valee/voice_ros2/install/conversational_client/lib/python3.12/site-packages/conversational_client
copying /home/valee/voice_ros2/build/conversational_client/build/lib/conversational_client/__init__.py -> /home/valee/voice_ros2/install/conversational_client/lib/python3.12/site-packages/conversational_client
copying /home/valee/voice_ros2/build/conversational_client/build/lib/conversational_client/vad_node.py -> /home/valee/voice_ros2/install/conversational_client/lib/python3.12/site-packages/conversational_client
copying /home/valee/voice_ros2/build/conversational_client/build/lib/conversational_client/audio_playback_node.py -> /home/valee/voice_ros2/install/conversational_client/lib/python3.12/site-packages/conversational_client
copying /home/valee/voice_ros2/build/conversational_client/build/lib/conversational_client/barge_in_node.py -> /home/valee/voice_ros2/install/conversational_client/lib/python3.12/site-packages/conversational_client
copying /home/valee/voice_ros2/build/conversational_client/build/lib/conversational_client/wake_word_node.py -> /home/valee/voice_ros2/install/conversational_client/lib/python3.12/site-packages/conversational_client
byte-compiling /home/valee/voice_ros2/install/conversational_client/lib/python3.12/site-packages/conversational_client/audio_capture_node.py to audio_capture_node.cpython-312.pyc
byte-compiling /home/valee/voice_ros2/install/conversational_client/lib/python3.12/site-packages/conversational_client/__init__.py to __init__.cpython-312.pyc
byte-compiling /home/valee/voice_ros2/install/conversational_client/lib/python3.12/site-packages/conversational_client/vad_node.py to vad_node.cpython-312.pyc
byte-compiling /home/valee/voice_ros2/install/conversational_client/lib/python3.12/site-packages/conversational_client/audio_playback_node.py to audio_playback_node.cpython-312.pyc
byte-compiling /home/valee/voice_ros2/install/conversational_client/lib/python3.12/site-packages/conversational_client/barge_in_node.py to barge_in_node.cpython-312.pyc
byte-compiling /home/valee/voice_ros2/install/conversational_client/lib/python3.12/site-packages/conversational_client/wake_word_node.py to wake_word_node.cpython-312.pyc
running install_data
copying resource/conversational_client -> /home/valee/voice_ros2/install/conversational_client/share/ament_index/resource_index/packages
copying package.xml -> /home/valee/voice_ros2/install/conversational_client/share/conversational_client
running install_egg_info
Copying ../build/conversational_client/conversational_client.egg-info to /home/valee/voice_ros2/install/conversational_client/lib/python3.12/site-packages/conversational_client-0.0.0-py3.12.egg-info
running install_scripts
Installing audio_capture_node script to /home/valee/voice_ros2/install/conversational_client/lib/conversational_client
Installing audio_playback_node script to /home/valee/voice_ros2/install/conversational_client/lib/conversational_client
Installing barge_in_node script to /home/valee/voice_ros2/install/conversational_client/lib/conversational_client
Installing vad_node script to /home/valee/voice_ros2/install/conversational_client/lib/conversational_client
Installing wake_word_node script to /home/valee/voice_ros2/install/conversational_client/lib/conversational_client
writing list of installed files to '/home/valee/voice_ros2/build/conversational_client/install.log'
