[0.653s] Invoking command in '/home/valee/voice_ros2/build/conversational_client': AMENT_PREFIX_PATH=/home/valee/voice_ros2/install/conversational_interfaces:${AMENT_PREFIX_PATH} CMAKE_PREFIX_PATH=/home/valee/voice_ros2/install/conversational_interfaces:${CMAKE_PREFIX_PATH} DEBUGINFOD_URLS=https://debuginfod.ubuntu.com LD_LIBRARY_PATH=/home/valee/voice_ros2/install/conversational_interfaces/lib:${LD_LIBRARY_PATH} PYTHONPATH=/home/valee/voice_ros2/build/conversational_client/prefix_override:/usr/lib/python3/dist-packages/colcon_core/task/python/colcon_distutils_commands:/home/valee/voice_ros2/install/conversational_client/lib/python3.12/site-packages:/home/valee/voice_ros2/install/conversational_interfaces/lib/python3.12/site-packages:${PYTHONPATH} /usr/bin/python3 -W ignore:setup.py install is deprecated -W ignore:easy_install command is deprecated setup.py develop --uninstall --editable --build-directory /home/valee/voice_ros2/build/conversational_client/build
[0.833s] running develop
[0.943s] Removing /home/valee/voice_ros2/install/conversational_client/lib/python3.12/site-packages/conversational-client.egg-link (link to .)
[0.961s] Invoked command in '/home/valee/voice_ros2/build/conversational_client' returned '0': AMENT_PREFIX_PATH=/home/valee/voice_ros2/install/conversational_interfaces:${AMENT_PREFIX_PATH} CMAKE_PREFIX_PATH=/home/valee/voice_ros2/install/conversational_interfaces:${CMAKE_PREFIX_PATH} DEBUGINFOD_URLS=https://debuginfod.ubuntu.com LD_LIBRARY_PATH=/home/valee/voice_ros2/install/conversational_interfaces/lib:${LD_LIBRARY_PATH} PYTHONPATH=/home/valee/voice_ros2/build/conversational_client/prefix_override:/usr/lib/python3/dist-packages/colcon_core/task/python/colcon_distutils_commands:/home/valee/voice_ros2/install/conversational_client/lib/python3.12/site-packages:/home/valee/voice_ros2/install/conversational_interfaces/lib/python3.12/site-packages:${PYTHONPATH} /usr/bin/python3 -W ignore:setup.py install is deprecated -W ignore:easy_install command is deprecated setup.py develop --uninstall --editable --build-directory /home/valee/voice_ros2/build/conversational_client/build
[0.962s] Invoking command in '/home/valee/voice_ros2/conversational_client': AMENT_PREFIX_PATH=/home/valee/voice_ros2/install/conversational_interfaces:${AMENT_PREFIX_PATH} CMAKE_PREFIX_PATH=/home/valee/voice_ros2/install/conversational_interfaces:${CMAKE_PREFIX_PATH} DEBUGINFOD_URLS=https://debuginfod.ubuntu.com LD_LIBRARY_PATH=/home/valee/voice_ros2/install/conversational_interfaces/lib:${LD_LIBRARY_PATH} PYTHONPATH=/home/valee/voice_ros2/build/conversational_client/prefix_override:/usr/lib/python3/dist-packages/colcon_core/task/python/colcon_distutils_commands:/home/valee/voice_ros2/install/conversational_client/lib/python3.12/site-packages:/home/valee/voice_ros2/install/conversational_interfaces/lib/python3.12/site-packages:${PYTHONPATH} /usr/bin/python3 -W ignore:setup.py install is deprecated -W ignore:easy_install command is deprecated setup.py egg_info --egg-base ../build/conversational_client build --build-base /home/valee/voice_ros2/build/conversational_client/build install --record /home/valee/voice_ros2/build/conversational_client/install.log --single-version-externally-managed install_data --force
[1.118s] running egg_info
[1.129s] writing ../build/conversational_client/conversational_client.egg-info/PKG-INFO
[1.129s] writing dependency_links to ../build/conversational_client/conversational_client.egg-info/dependency_links.txt
[1.129s] writing entry points to ../build/conversational_client/conversational_client.egg-info/entry_points.txt
[1.129s] writing requirements to ../build/conversational_client/conversational_client.egg-info/requires.txt
[1.129s] writing top-level names to ../build/conversational_client/conversational_client.egg-info/top_level.txt
[1.151s] reading manifest file '../build/conversational_client/conversational_client.egg-info/SOURCES.txt'
[1.151s] writing manifest file '../build/conversational_client/conversational_client.egg-info/SOURCES.txt'
[1.152s] running build
[1.152s] running build_py
[1.152s] creating /home/valee/voice_ros2/build/conversational_client/build
[1.152s] creating /home/valee/voice_ros2/build/conversational_client/build/lib
[1.152s] creating /home/valee/voice_ros2/build/conversational_client/build/lib/conversational_client
[1.152s] copying conversational_client/audio_capture_node.py -> /home/valee/voice_ros2/build/conversational_client/build/lib/conversational_client
[1.152s] copying conversational_client/__init__.py -> /home/valee/voice_ros2/build/conversational_client/build/lib/conversational_client
[1.152s] copying conversational_client/vad_node.py -> /home/valee/voice_ros2/build/conversational_client/build/lib/conversational_client
[1.152s] copying conversational_client/audio_playback_node.py -> /home/valee/voice_ros2/build/conversational_client/build/lib/conversational_client
[1.152s] copying conversational_client/barge_in_node.py -> /home/valee/voice_ros2/build/conversational_client/build/lib/conversational_client
[1.152s] copying conversational_client/wake_word_node.py -> /home/valee/voice_ros2/build/conversational_client/build/lib/conversational_client
[1.152s] running install
[1.156s] running install_lib
[1.167s] creating /home/valee/voice_ros2/install/conversational_client/lib/python3.12/site-packages/conversational_client
[1.167s] copying /home/valee/voice_ros2/build/conversational_client/build/lib/conversational_client/audio_capture_node.py -> /home/valee/voice_ros2/install/conversational_client/lib/python3.12/site-packages/conversational_client
[1.167s] copying /home/valee/voice_ros2/build/conversational_client/build/lib/conversational_client/__init__.py -> /home/valee/voice_ros2/install/conversational_client/lib/python3.12/site-packages/conversational_client
[1.167s] copying /home/valee/voice_ros2/build/conversational_client/build/lib/conversational_client/vad_node.py -> /home/valee/voice_ros2/install/conversational_client/lib/python3.12/site-packages/conversational_client
[1.167s] copying /home/valee/voice_ros2/build/conversational_client/build/lib/conversational_client/audio_playback_node.py -> /home/valee/voice_ros2/install/conversational_client/lib/python3.12/site-packages/conversational_client
[1.167s] copying /home/valee/voice_ros2/build/conversational_client/build/lib/conversational_client/barge_in_node.py -> /home/valee/voice_ros2/install/conversational_client/lib/python3.12/site-packages/conversational_client
[1.167s] copying /home/valee/voice_ros2/build/conversational_client/build/lib/conversational_client/wake_word_node.py -> /home/valee/voice_ros2/install/conversational_client/lib/python3.12/site-packages/conversational_client
[1.168s] byte-compiling /home/valee/voice_ros2/install/conversational_client/lib/python3.12/site-packages/conversational_client/audio_capture_node.py to audio_capture_node.cpython-312.pyc
[1.168s] byte-compiling /home/valee/voice_ros2/install/conversational_client/lib/python3.12/site-packages/conversational_client/__init__.py to __init__.cpython-312.pyc
[1.168s] byte-compiling /home/valee/voice_ros2/install/conversational_client/lib/python3.12/site-packages/conversational_client/vad_node.py to vad_node.cpython-312.pyc
[1.169s] byte-compiling /home/valee/voice_ros2/install/conversational_client/lib/python3.12/site-packages/conversational_client/audio_playback_node.py to audio_playback_node.cpython-312.pyc
[1.170s] byte-compiling /home/valee/voice_ros2/install/conversational_client/lib/python3.12/site-packages/conversational_client/barge_in_node.py to barge_in_node.cpython-312.pyc
[1.171s] byte-compiling /home/valee/voice_ros2/install/conversational_client/lib/python3.12/site-packages/conversational_client/wake_word_node.py to wake_word_node.cpython-312.pyc
[1.172s] running install_data
[1.172s] copying resource/conversational_client -> /home/valee/voice_ros2/install/conversational_client/share/ament_index/resource_index/packages
[1.172s] copying package.xml -> /home/valee/voice_ros2/install/conversational_client/share/conversational_client
[1.172s] running install_egg_info
[1.184s] Copying ../build/conversational_client/conversational_client.egg-info to /home/valee/voice_ros2/install/conversational_client/lib/python3.12/site-packages/conversational_client-0.0.0-py3.12.egg-info
[1.184s] running install_scripts
[1.258s] Installing audio_capture_node script to /home/valee/voice_ros2/install/conversational_client/lib/conversational_client
[1.258s] Installing audio_playback_node script to /home/valee/voice_ros2/install/conversational_client/lib/conversational_client
[1.258s] Installing barge_in_node script to /home/valee/voice_ros2/install/conversational_client/lib/conversational_client
[1.258s] Installing vad_node script to /home/valee/voice_ros2/install/conversational_client/lib/conversational_client
[1.258s] Installing wake_word_node script to /home/valee/voice_ros2/install/conversational_client/lib/conversational_client
[1.258s] writing list of installed files to '/home/valee/voice_ros2/build/conversational_client/install.log'
[1.276s] Invoked command in '/home/valee/voice_ros2/conversational_client' returned '0': AMENT_PREFIX_PATH=/home/valee/voice_ros2/install/conversational_interfaces:${AMENT_PREFIX_PATH} CMAKE_PREFIX_PATH=/home/valee/voice_ros2/install/conversational_interfaces:${CMAKE_PREFIX_PATH} DEBUGINFOD_URLS=https://debuginfod.ubuntu.com LD_LIBRARY_PATH=/home/valee/voice_ros2/install/conversational_interfaces/lib:${LD_LIBRARY_PATH} PYTHONPATH=/home/valee/voice_ros2/build/conversational_client/prefix_override:/usr/lib/python3/dist-packages/colcon_core/task/python/colcon_distutils_commands:/home/valee/voice_ros2/install/conversational_client/lib/python3.12/site-packages:/home/valee/voice_ros2/install/conversational_interfaces/lib/python3.12/site-packages:${PYTHONPATH} /usr/bin/python3 -W ignore:setup.py install is deprecated -W ignore:easy_install command is deprecated setup.py egg_info --egg-base ../build/conversational_client build --build-base /home/valee/voice_ros2/build/conversational_client/build install --record /home/valee/voice_ros2/build/conversational_client/install.log --single-version-externally-managed install_data --force
