-- The C compiler identification is GNU 13.3.0
-- The CXX compiler identification is GNU 13.3.0
-- Detecting C compiler ABI info
-- Detecting C compiler ABI info - done
-- Check for working C compiler: /usr/bin/cc - skipped
-- Detecting C compile features
-- Detecting C compile features - done
-- Detecting CXX compiler ABI info
-- Detecting CXX compiler ABI info - done
-- Check for working CXX compiler: /usr/bin/c++ - skipped
-- Detecting CXX compile features
-- Detecting CXX compile features - done
-- Found ament_cmake: 2.5.4 (/opt/ros/jazzy/share/ament_cmake/cmake)
-- Found Python3: /usr/bin/python3 (found version "3.12.3") found components: Interpreter 
-- Override CMake install command with custom implementation using symlinks instead of copying resources
-- Found rosidl_default_generators: 1.6.0 (/opt/ros/jazzy/share/rosidl_default_generators/cmake)
-- Using all available rosidl_typesupport_c: rosidl_typesupport_fastrtps_c;rosidl_typesupport_introspection_c
-- Using all available rosidl_typesupport_cpp: rosidl_typesupport_fastrtps_cpp;rosidl_typesupport_introspection_cpp
-- Found rosidl_adapter: 4.6.6 (/opt/ros/jazzy/share/rosidl_adapter/cmake)
-- Found ament_cmake_ros: 0.12.0 (/opt/ros/jazzy/share/ament_cmake_ros/cmake)
-- Using all available rosidl_typesupport_c: rosidl_typesupport_fastrtps_c;rosidl_typesupport_introspection_c
-- Using all available rosidl_typesupport_cpp: rosidl_typesupport_fastrtps_cpp;rosidl_typesupport_introspection_cpp
-- Found python_cmake_module: 0.11.1 (/opt/ros/jazzy/share/python_cmake_module/cmake)
-- Found PythonExtra: /usr/bin/python3  
-- Found Python3: /usr/bin/python3 (found version "3.12.3") found components: Interpreter Development NumPy Development.Module Development.Embed 
-- Configuring done (1.9s)
-- Generating done (0.0s)
-- Build files have been written to: /home/valee/voice_ros2/build/conversational_interfaces
[  1%] [34m[1mGenerating type hashes for ROS interfaces[0m
[  1%] Built target ament_cmake_python_symlink_conversational_interfaces
running egg_info
creating conversational_interfaces.egg-info
[  1%] Built target conversational_interfaces__rosidl_generator_type_description
writing conversational_interfaces.egg-info/PKG-INFO
writing dependency_links to conversational_interfaces.egg-info/dependency_links.txt
writing top-level names to conversational_interfaces.egg-info/top_level.txt
writing manifest file 'conversational_interfaces.egg-info/SOURCES.txt'
[  3%] [34m[1mGenerating C code for ROS interfaces[0m
[  5%] [34m[1mGenerating C++ code for ROS interfaces[0m
reading manifest file 'conversational_interfaces.egg-info/SOURCES.txt'
writing manifest file 'conversational_interfaces.egg-info/SOURCES.txt'
[  5%] Built target ament_cmake_python_build_conversational_interfaces_egg
[  5%] Built target conversational_interfaces__cpp
[ 12%] [32mBuilding C object CMakeFiles/conversational_interfaces__rosidl_generator_c.dir/rosidl_generator_c/conversational_interfaces/msg/detail/audio__type_support.c.o[0m
[ 12%] [32mBuilding C object CMakeFiles/conversational_interfaces__rosidl_generator_c.dir/rosidl_generator_c/conversational_interfaces/msg/detail/text_chunk__description.c.o[0m
[ 12%] [32mBuilding C object CMakeFiles/conversational_interfaces__rosidl_generator_c.dir/rosidl_generator_c/conversational_interfaces/msg/detail/transcription__description.c.o[0m
[ 12%] [32mBuilding C object CMakeFiles/conversational_interfaces__rosidl_generator_c.dir/rosidl_generator_c/conversational_interfaces/msg/detail/transcription__functions.c.o[0m
[ 14%] [32mBuilding C object CMakeFiles/conversational_interfaces__rosidl_generator_c.dir/rosidl_generator_c/conversational_interfaces/msg/detail/text_chunk__type_support.c.o[0m
[ 16%] [32mBuilding C object CMakeFiles/conversational_interfaces__rosidl_generator_c.dir/rosidl_generator_c/conversational_interfaces/msg/detail/text_chunk__functions.c.o[0m
[ 18%] [32mBuilding C object CMakeFiles/conversational_interfaces__rosidl_generator_c.dir/rosidl_generator_c/conversational_interfaces/msg/detail/transcription__type_support.c.o[0m
[ 22%] [32mBuilding C object CMakeFiles/conversational_interfaces__rosidl_generator_c.dir/rosidl_generator_c/conversational_interfaces/msg/detail/audio__functions.c.o[0m
[ 22%] [32mBuilding C object CMakeFiles/conversational_interfaces__rosidl_generator_c.dir/rosidl_generator_c/conversational_interfaces/msg/detail/audio__description.c.o[0m
[ 24%] [32m[1mLinking C shared library libconversational_interfaces__rosidl_generator_c.so[0m
[ 24%] Built target conversational_interfaces__rosidl_generator_c
[ 27%] [34m[1mGenerating C++ type support for eProsima Fast-RTPS[0m
[ 27%] [34m[1mGenerating C type support for eProsima Fast-RTPS[0m
[ 29%] [34m[1mGenerating C introspection for ROS interfaces[0m
[ 31%] [34m[1mGenerating C type support dispatch for ROS interfaces[0m
[ 33%] [34m[1mGenerating C++ type support dispatch for ROS interfaces[0m
[ 35%] [34m[1mGenerating C++ introspection for ROS interfaces[0m
[ 37%] [32mBuilding CXX object CMakeFiles/conversational_interfaces__rosidl_typesupport_cpp.dir/rosidl_typesupport_cpp/conversational_interfaces/msg/transcription__type_support.cpp.o[0m
[ 38%] [32mBuilding CXX object CMakeFiles/conversational_interfaces__rosidl_typesupport_cpp.dir/rosidl_typesupport_cpp/conversational_interfaces/msg/audio__type_support.cpp.o[0m
[ 42%] [32mBuilding CXX object CMakeFiles/conversational_interfaces__rosidl_typesupport_c.dir/rosidl_typesupport_c/conversational_interfaces/msg/transcription__type_support.cpp.o[0m
[ 42%] [32mBuilding CXX object CMakeFiles/conversational_interfaces__rosidl_typesupport_cpp.dir/rosidl_typesupport_cpp/conversational_interfaces/msg/text_chunk__type_support.cpp.o[0m
[ 44%] [32mBuilding CXX object CMakeFiles/conversational_interfaces__rosidl_typesupport_c.dir/rosidl_typesupport_c/conversational_interfaces/msg/audio__type_support.cpp.o[0m
[ 46%] [32mBuilding CXX object CMakeFiles/conversational_interfaces__rosidl_typesupport_c.dir/rosidl_typesupport_c/conversational_interfaces/msg/text_chunk__type_support.cpp.o[0m
[ 50%] [32mBuilding CXX object CMakeFiles/conversational_interfaces__rosidl_typesupport_introspection_cpp.dir/rosidl_typesupport_introspection_cpp/conversational_interfaces/msg/detail/audio__type_support.cpp.o[0m
[ 50%] [32mBuilding CXX object CMakeFiles/conversational_interfaces__rosidl_typesupport_introspection_cpp.dir/rosidl_typesupport_introspection_cpp/conversational_interfaces/msg/detail/text_chunk__type_support.cpp.o[0m
[ 51%] [32mBuilding CXX object CMakeFiles/conversational_interfaces__rosidl_typesupport_introspection_cpp.dir/rosidl_typesupport_introspection_cpp/conversational_interfaces/msg/detail/transcription__type_support.cpp.o[0m
[ 53%] [32mBuilding CXX object CMakeFiles/conversational_interfaces__rosidl_typesupport_fastrtps_cpp.dir/rosidl_typesupport_fastrtps_cpp/conversational_interfaces/msg/detail/dds_fastrtps/audio__type_support.cpp.o[0m
[ 55%] [32mBuilding CXX object CMakeFiles/conversational_interfaces__rosidl_typesupport_fastrtps_cpp.dir/rosidl_typesupport_fastrtps_cpp/conversational_interfaces/msg/detail/dds_fastrtps/text_chunk__type_support.cpp.o[0m
[ 57%] [32mBuilding CXX object CMakeFiles/conversational_interfaces__rosidl_typesupport_fastrtps_cpp.dir/rosidl_typesupport_fastrtps_cpp/conversational_interfaces/msg/detail/dds_fastrtps/transcription__type_support.cpp.o[0m
[ 59%] [32m[1mLinking CXX shared library libconversational_interfaces__rosidl_typesupport_c.so[0m
[ 61%] [32mBuilding CXX object CMakeFiles/conversational_interfaces__rosidl_typesupport_fastrtps_c.dir/rosidl_typesupport_fastrtps_c/conversational_interfaces/msg/detail/transcription__type_support_c.cpp.o[0m
[ 62%] [32mBuilding CXX object CMakeFiles/conversational_interfaces__rosidl_typesupport_fastrtps_c.dir/rosidl_typesupport_fastrtps_c/conversational_interfaces/msg/detail/text_chunk__type_support_c.cpp.o[0m
[ 64%] [32mBuilding CXX object CMakeFiles/conversational_interfaces__rosidl_typesupport_fastrtps_c.dir/rosidl_typesupport_fastrtps_c/conversational_interfaces/msg/detail/audio__type_support_c.cpp.o[0m
[ 70%] [32mBuilding C object CMakeFiles/conversational_interfaces__rosidl_typesupport_introspection_c.dir/rosidl_typesupport_introspection_c/conversational_interfaces/msg/detail/text_chunk__type_support.c.o[0m
[ 70%] [32mBuilding C object CMakeFiles/conversational_interfaces__rosidl_typesupport_introspection_c.dir/rosidl_typesupport_introspection_c/conversational_interfaces/msg/detail/audio__type_support.c.o[0m
[ 70%] [32mBuilding C object CMakeFiles/conversational_interfaces__rosidl_typesupport_introspection_c.dir/rosidl_typesupport_introspection_c/conversational_interfaces/msg/detail/transcription__type_support.c.o[0m
[ 70%] Built target conversational_interfaces__rosidl_typesupport_c
[ 72%] [32m[1mLinking C shared library libconversational_interfaces__rosidl_typesupport_introspection_c.so[0m
[ 72%] Built target conversational_interfaces__rosidl_typesupport_introspection_c
[ 74%] [32m[1mLinking CXX shared library libconversational_interfaces__rosidl_typesupport_cpp.so[0m
[ 75%] [32m[1mLinking CXX shared library libconversational_interfaces__rosidl_typesupport_introspection_cpp.so[0m
[ 75%] Built target conversational_interfaces__rosidl_typesupport_cpp
[ 77%] [32m[1mLinking CXX shared library libconversational_interfaces__rosidl_typesupport_fastrtps_c.so[0m
[ 77%] Built target conversational_interfaces__rosidl_typesupport_introspection_cpp
[ 77%] Built target conversational_interfaces__rosidl_typesupport_fastrtps_c
[ 79%] [32m[1mLinking CXX shared library libconversational_interfaces__rosidl_typesupport_fastrtps_cpp.so[0m
[ 79%] Built target conversational_interfaces__rosidl_typesupport_fastrtps_cpp
[ 79%] Built target conversational_interfaces
[ 81%] [34m[1mGenerating Python code for ROS interfaces[0m
[ 81%] Built target conversational_interfaces__py
[ 85%] [32mBuilding C object CMakeFiles/conversational_interfaces__rosidl_generator_py.dir/rosidl_generator_py/conversational_interfaces/msg/_audio_s.c.o[0m
[ 85%] [32mBuilding C object CMakeFiles/conversational_interfaces__rosidl_generator_py.dir/rosidl_generator_py/conversational_interfaces/msg/_text_chunk_s.c.o[0m
[ 87%] [32mBuilding C object CMakeFiles/conversational_interfaces__rosidl_generator_py.dir/rosidl_generator_py/conversational_interfaces/msg/_transcription_s.c.o[0m
[ 88%] [32m[1mLinking C shared library libconversational_interfaces__rosidl_generator_py.so[0m
[ 88%] Built target conversational_interfaces__rosidl_generator_py
[ 90%] [32mBuilding C object CMakeFiles/conversational_interfaces_s__rosidl_typesupport_fastrtps_c.dir/rosidl_generator_py/conversational_interfaces/_conversational_interfaces_s.ep.rosidl_typesupport_fastrtps_c.c.o[0m
[ 92%] [32mBuilding C object CMakeFiles/conversational_interfaces_s__rosidl_typesupport_introspection_c.dir/rosidl_generator_py/conversational_interfaces/_conversational_interfaces_s.ep.rosidl_typesupport_introspection_c.c.o[0m
[ 94%] [32mBuilding C object CMakeFiles/conversational_interfaces_s__rosidl_typesupport_c.dir/rosidl_generator_py/conversational_interfaces/_conversational_interfaces_s.ep.rosidl_typesupport_c.c.o[0m
[ 96%] [32m[1mLinking C shared module rosidl_generator_py/conversational_interfaces/conversational_interfaces_s__rosidl_typesupport_fastrtps_c.so[0m
[ 98%] [32m[1mLinking C shared module rosidl_generator_py/conversational_interfaces/conversational_interfaces_s__rosidl_typesupport_c.so[0m
[100%] [32m[1mLinking C shared module rosidl_generator_py/conversational_interfaces/conversational_interfaces_s__rosidl_typesupport_introspection_c.so[0m
[100%] Built target conversational_interfaces_s__rosidl_typesupport_c
[100%] Built target conversational_interfaces_s__rosidl_typesupport_fastrtps_c
[100%] Built target conversational_interfaces_s__rosidl_typesupport_introspection_c
-- Install configuration: ""
-- Execute custom install script
-- Symlinking: /home/valee/voice_ros2/install/conversational_interfaces/share/ament_index/resource_index/rosidl_interfaces/conversational_interfaces
-- Symlinking: /home/valee/voice_ros2/install/conversational_interfaces/share/conversational_interfaces/msg/Audio.json
-- Symlinking: /home/valee/voice_ros2/install/conversational_interfaces/share/conversational_interfaces/msg/Transcription.json
-- Symlinking: /home/valee/voice_ros2/install/conversational_interfaces/share/conversational_interfaces/msg/TextChunk.json
-- Symlinking: /home/valee/voice_ros2/install/conversational_interfaces/include/conversational_interfaces/conversational_interfaces/msg/audio.h
-- Symlinking: /home/valee/voice_ros2/install/conversational_interfaces/include/conversational_interfaces/conversational_interfaces/msg/detail/audio__functions.h
-- Symlinking: /home/valee/voice_ros2/install/conversational_interfaces/include/conversational_interfaces/conversational_interfaces/msg/detail/audio__struct.h
-- Symlinking: /home/valee/voice_ros2/install/conversational_interfaces/include/conversational_interfaces/conversational_interfaces/msg/detail/audio__type_support.h
-- Symlinking: /home/valee/voice_ros2/install/conversational_interfaces/include/conversational_interfaces/conversational_interfaces/msg/detail/text_chunk__functions.h
-- Symlinking: /home/valee/voice_ros2/install/conversational_interfaces/include/conversational_interfaces/conversational_interfaces/msg/detail/text_chunk__struct.h
-- Symlinking: /home/valee/voice_ros2/install/conversational_interfaces/include/conversational_interfaces/conversational_interfaces/msg/detail/text_chunk__type_support.h
-- Symlinking: /home/valee/voice_ros2/install/conversational_interfaces/include/conversational_interfaces/conversational_interfaces/msg/detail/transcription__functions.h
-- Symlinking: /home/valee/voice_ros2/install/conversational_interfaces/include/conversational_interfaces/conversational_interfaces/msg/detail/transcription__struct.h
-- Symlinking: /home/valee/voice_ros2/install/conversational_interfaces/include/conversational_interfaces/conversational_interfaces/msg/detail/transcription__type_support.h
-- Symlinking: /home/valee/voice_ros2/install/conversational_interfaces/include/conversational_interfaces/conversational_interfaces/msg/rosidl_generator_c__visibility_control.h
-- Symlinking: /home/valee/voice_ros2/install/conversational_interfaces/include/conversational_interfaces/conversational_interfaces/msg/text_chunk.h
-- Symlinking: /home/valee/voice_ros2/install/conversational_interfaces/include/conversational_interfaces/conversational_interfaces/msg/transcription.h
-- Symlinking: /home/valee/voice_ros2/install/conversational_interfaces/share/conversational_interfaces/environment/library_path.sh
-- Symlinking: /home/valee/voice_ros2/install/conversational_interfaces/share/conversational_interfaces/environment/library_path.dsv
-- Symlinking: /home/valee/voice_ros2/install/conversational_interfaces/include/conversational_interfaces/conversational_interfaces/msg/detail/audio__rosidl_typesupport_fastrtps_c.h
-- Symlinking: /home/valee/voice_ros2/install/conversational_interfaces/include/conversational_interfaces/conversational_interfaces/msg/detail/text_chunk__rosidl_typesupport_fastrtps_c.h
-- Symlinking: /home/valee/voice_ros2/install/conversational_interfaces/include/conversational_interfaces/conversational_interfaces/msg/detail/transcription__rosidl_typesupport_fastrtps_c.h
-- Symlinking: /home/valee/voice_ros2/install/conversational_interfaces/include/conversational_interfaces/conversational_interfaces/msg/rosidl_typesupport_fastrtps_c__visibility_control.h
-- Symlinking: /home/valee/voice_ros2/install/conversational_interfaces/include/conversational_interfaces/conversational_interfaces/msg/detail/audio__rosidl_typesupport_introspection_c.h
-- Symlinking: /home/valee/voice_ros2/install/conversational_interfaces/include/conversational_interfaces/conversational_interfaces/msg/detail/text_chunk__rosidl_typesupport_introspection_c.h
-- Symlinking: /home/valee/voice_ros2/install/conversational_interfaces/include/conversational_interfaces/conversational_interfaces/msg/detail/transcription__rosidl_typesupport_introspection_c.h
-- Symlinking: /home/valee/voice_ros2/install/conversational_interfaces/include/conversational_interfaces/conversational_interfaces/msg/rosidl_typesupport_introspection_c__visibility_control.h
-- Symlinking: /home/valee/voice_ros2/install/conversational_interfaces/include/conversational_interfaces/conversational_interfaces/msg/audio.hpp
-- Symlinking: /home/valee/voice_ros2/install/conversational_interfaces/include/conversational_interfaces/conversational_interfaces/msg/detail/audio__builder.hpp
-- Symlinking: /home/valee/voice_ros2/install/conversational_interfaces/include/conversational_interfaces/conversational_interfaces/msg/detail/audio__struct.hpp
-- Symlinking: /home/valee/voice_ros2/install/conversational_interfaces/include/conversational_interfaces/conversational_interfaces/msg/detail/audio__traits.hpp
-- Symlinking: /home/valee/voice_ros2/install/conversational_interfaces/include/conversational_interfaces/conversational_interfaces/msg/detail/audio__type_support.hpp
-- Symlinking: /home/valee/voice_ros2/install/conversational_interfaces/include/conversational_interfaces/conversational_interfaces/msg/detail/text_chunk__builder.hpp
-- Symlinking: /home/valee/voice_ros2/install/conversational_interfaces/include/conversational_interfaces/conversational_interfaces/msg/detail/text_chunk__struct.hpp
-- Symlinking: /home/valee/voice_ros2/install/conversational_interfaces/include/conversational_interfaces/conversational_interfaces/msg/detail/text_chunk__traits.hpp
-- Symlinking: /home/valee/voice_ros2/install/conversational_interfaces/include/conversational_interfaces/conversational_interfaces/msg/detail/text_chunk__type_support.hpp
-- Symlinking: /home/valee/voice_ros2/install/conversational_interfaces/include/conversational_interfaces/conversational_interfaces/msg/detail/transcription__builder.hpp
-- Symlinking: /home/valee/voice_ros2/install/conversational_interfaces/include/conversational_interfaces/conversational_interfaces/msg/detail/transcription__struct.hpp
-- Symlinking: /home/valee/voice_ros2/install/conversational_interfaces/include/conversational_interfaces/conversational_interfaces/msg/detail/transcription__traits.hpp
-- Symlinking: /home/valee/voice_ros2/install/conversational_interfaces/include/conversational_interfaces/conversational_interfaces/msg/detail/transcription__type_support.hpp
-- Symlinking: /home/valee/voice_ros2/install/conversational_interfaces/include/conversational_interfaces/conversational_interfaces/msg/rosidl_generator_cpp__visibility_control.hpp
-- Symlinking: /home/valee/voice_ros2/install/conversational_interfaces/include/conversational_interfaces/conversational_interfaces/msg/text_chunk.hpp
-- Symlinking: /home/valee/voice_ros2/install/conversational_interfaces/include/conversational_interfaces/conversational_interfaces/msg/transcription.hpp
-- Symlinking: /home/valee/voice_ros2/install/conversational_interfaces/include/conversational_interfaces/conversational_interfaces/msg/detail/audio__rosidl_typesupport_fastrtps_cpp.hpp
-- Symlinking: /home/valee/voice_ros2/install/conversational_interfaces/include/conversational_interfaces/conversational_interfaces/msg/detail/text_chunk__rosidl_typesupport_fastrtps_cpp.hpp
-- Symlinking: /home/valee/voice_ros2/install/conversational_interfaces/include/conversational_interfaces/conversational_interfaces/msg/detail/transcription__rosidl_typesupport_fastrtps_cpp.hpp
-- Symlinking: /home/valee/voice_ros2/install/conversational_interfaces/include/conversational_interfaces/conversational_interfaces/msg/rosidl_typesupport_fastrtps_cpp__visibility_control.h
-- Symlinking: /home/valee/voice_ros2/install/conversational_interfaces/include/conversational_interfaces/conversational_interfaces/msg/detail/audio__rosidl_typesupport_introspection_cpp.hpp
-- Symlinking: /home/valee/voice_ros2/install/conversational_interfaces/include/conversational_interfaces/conversational_interfaces/msg/detail/text_chunk__rosidl_typesupport_introspection_cpp.hpp
-- Symlinking: /home/valee/voice_ros2/install/conversational_interfaces/include/conversational_interfaces/conversational_interfaces/msg/detail/transcription__rosidl_typesupport_introspection_cpp.hpp
-- Symlinking: /home/valee/voice_ros2/install/conversational_interfaces/share/conversational_interfaces/environment/pythonpath.sh
-- Symlinking: /home/valee/voice_ros2/install/conversational_interfaces/share/conversational_interfaces/environment/pythonpath.dsv
-- Symlinking: /home/valee/voice_ros2/install/conversational_interfaces/lib/python3.12/site-packages/conversational_interfaces-1.0.0-py3.12.egg-info/PKG-INFO
-- Symlinking: /home/valee/voice_ros2/install/conversational_interfaces/lib/python3.12/site-packages/conversational_interfaces-1.0.0-py3.12.egg-info/SOURCES.txt
-- Symlinking: /home/valee/voice_ros2/install/conversational_interfaces/lib/python3.12/site-packages/conversational_interfaces-1.0.0-py3.12.egg-info/dependency_links.txt
-- Symlinking: /home/valee/voice_ros2/install/conversational_interfaces/lib/python3.12/site-packages/conversational_interfaces-1.0.0-py3.12.egg-info/top_level.txt
-- Symlinking: /home/valee/voice_ros2/install/conversational_interfaces/lib/python3.12/site-packages/conversational_interfaces/__init__.py
-- Symlinking: /home/valee/voice_ros2/install/conversational_interfaces/lib/python3.12/site-packages/conversational_interfaces/_conversational_interfaces_s.ep.rosidl_typesupport_c.c
-- Symlinking: /home/valee/voice_ros2/install/conversational_interfaces/lib/python3.12/site-packages/conversational_interfaces/_conversational_interfaces_s.ep.rosidl_typesupport_fastrtps_c.c
-- Symlinking: /home/valee/voice_ros2/install/conversational_interfaces/lib/python3.12/site-packages/conversational_interfaces/_conversational_interfaces_s.ep.rosidl_typesupport_introspection_c.c
-- Symlinking: /home/valee/voice_ros2/install/conversational_interfaces/lib/python3.12/site-packages/conversational_interfaces/conversational_interfaces_s__rosidl_typesupport_c.so
-- Symlinking: /home/valee/voice_ros2/install/conversational_interfaces/lib/python3.12/site-packages/conversational_interfaces/conversational_interfaces_s__rosidl_typesupport_fastrtps_c.so
-- Symlinking: /home/valee/voice_ros2/install/conversational_interfaces/lib/python3.12/site-packages/conversational_interfaces/conversational_interfaces_s__rosidl_typesupport_introspection_c.so
-- Symlinking: /home/valee/voice_ros2/install/conversational_interfaces/lib/python3.12/site-packages/conversational_interfaces/msg/__init__.py
-- Symlinking: /home/valee/voice_ros2/install/conversational_interfaces/lib/python3.12/site-packages/conversational_interfaces/msg/_audio.py
-- Symlinking: /home/valee/voice_ros2/install/conversational_interfaces/lib/python3.12/site-packages/conversational_interfaces/msg/_audio_s.c
-- Symlinking: /home/valee/voice_ros2/install/conversational_interfaces/lib/python3.12/site-packages/conversational_interfaces/msg/_text_chunk.py
-- Symlinking: /home/valee/voice_ros2/install/conversational_interfaces/lib/python3.12/site-packages/conversational_interfaces/msg/_text_chunk_s.c
-- Symlinking: /home/valee/voice_ros2/install/conversational_interfaces/lib/python3.12/site-packages/conversational_interfaces/msg/_transcription.py
-- Symlinking: /home/valee/voice_ros2/install/conversational_interfaces/lib/python3.12/site-packages/conversational_interfaces/msg/_transcription_s.c
-- Up-to-date symlink: /home/valee/voice_ros2/install/conversational_interfaces/lib/python3.12/site-packages/conversational_interfaces/conversational_interfaces_s__rosidl_typesupport_fastrtps_c.so
-- Up-to-date symlink: /home/valee/voice_ros2/install/conversational_interfaces/lib/python3.12/site-packages/conversational_interfaces/conversational_interfaces_s__rosidl_typesupport_introspection_c.so
-- Up-to-date symlink: /home/valee/voice_ros2/install/conversational_interfaces/lib/python3.12/site-packages/conversational_interfaces/conversational_interfaces_s__rosidl_typesupport_c.so
-- Symlinking: /home/valee/voice_ros2/install/conversational_interfaces/share/conversational_interfaces/msg/Audio.idl
-- Symlinking: /home/valee/voice_ros2/install/conversational_interfaces/share/conversational_interfaces/msg/Transcription.idl
-- Symlinking: /home/valee/voice_ros2/install/conversational_interfaces/share/conversational_interfaces/msg/TextChunk.idl
-- Symlinking: /home/valee/voice_ros2/install/conversational_interfaces/share/conversational_interfaces/msg/Audio.msg
-- Symlinking: /home/valee/voice_ros2/install/conversational_interfaces/share/conversational_interfaces/msg/Transcription.msg
-- Symlinking: /home/valee/voice_ros2/install/conversational_interfaces/share/conversational_interfaces/msg/TextChunk.msg
-- Symlinking: /home/valee/voice_ros2/install/conversational_interfaces/share/ament_index/resource_index/package_run_dependencies/conversational_interfaces
-- Symlinking: /home/valee/voice_ros2/install/conversational_interfaces/share/ament_index/resource_index/parent_prefix_path/conversational_interfaces
-- Symlinking: /home/valee/voice_ros2/install/conversational_interfaces/share/conversational_interfaces/environment/ament_prefix_path.sh
-- Symlinking: /home/valee/voice_ros2/install/conversational_interfaces/share/conversational_interfaces/environment/ament_prefix_path.dsv
-- Symlinking: /home/valee/voice_ros2/install/conversational_interfaces/share/conversational_interfaces/environment/path.sh
-- Symlinking: /home/valee/voice_ros2/install/conversational_interfaces/share/conversational_interfaces/environment/path.dsv
-- Symlinking: /home/valee/voice_ros2/install/conversational_interfaces/share/conversational_interfaces/local_setup.bash
-- Symlinking: /home/valee/voice_ros2/install/conversational_interfaces/share/conversational_interfaces/local_setup.sh
-- Symlinking: /home/valee/voice_ros2/install/conversational_interfaces/share/conversational_interfaces/local_setup.zsh
-- Symlinking: /home/valee/voice_ros2/install/conversational_interfaces/share/conversational_interfaces/local_setup.dsv
-- Symlinking: /home/valee/voice_ros2/install/conversational_interfaces/share/conversational_interfaces/package.dsv
-- Symlinking: /home/valee/voice_ros2/install/conversational_interfaces/share/ament_index/resource_index/packages/conversational_interfaces
-- Symlinking: /home/valee/voice_ros2/install/conversational_interfaces/share/conversational_interfaces/cmake/rosidl_cmake-extras.cmake
-- Symlinking: /home/valee/voice_ros2/install/conversational_interfaces/share/conversational_interfaces/cmake/ament_cmake_export_include_directories-extras.cmake
-- Symlinking: /home/valee/voice_ros2/install/conversational_interfaces/share/conversational_interfaces/cmake/ament_cmake_export_libraries-extras.cmake
-- Symlinking: /home/valee/voice_ros2/install/conversational_interfaces/share/conversational_interfaces/cmake/ament_cmake_export_targets-extras.cmake
-- Symlinking: /home/valee/voice_ros2/install/conversational_interfaces/share/conversational_interfaces/cmake/rosidl_cmake_export_typesupport_targets-extras.cmake
-- Symlinking: /home/valee/voice_ros2/install/conversational_interfaces/share/conversational_interfaces/cmake/ament_cmake_export_dependencies-extras.cmake
-- Symlinking: /home/valee/voice_ros2/install/conversational_interfaces/share/conversational_interfaces/cmake/rosidl_cmake_export_typesupport_libraries-extras.cmake
-- Symlinking: /home/valee/voice_ros2/install/conversational_interfaces/share/conversational_interfaces/cmake/conversational_interfacesConfig.cmake
-- Symlinking: /home/valee/voice_ros2/install/conversational_interfaces/share/conversational_interfaces/cmake/conversational_interfacesConfig-version.cmake
-- Symlinking: /home/valee/voice_ros2/install/conversational_interfaces/share/conversational_interfaces/package.xml
-- Installing: /home/valee/voice_ros2/install/conversational_interfaces/lib/libconversational_interfaces__rosidl_generator_c.so
-- Set non-toolchain portion of runtime path of "/home/valee/voice_ros2/install/conversational_interfaces/lib/libconversational_interfaces__rosidl_generator_c.so" to ""
-- Installing: /home/valee/voice_ros2/install/conversational_interfaces/lib/libconversational_interfaces__rosidl_typesupport_fastrtps_c.so
-- Set non-toolchain portion of runtime path of "/home/valee/voice_ros2/install/conversational_interfaces/lib/libconversational_interfaces__rosidl_typesupport_fastrtps_c.so" to ""
-- Installing: /home/valee/voice_ros2/install/conversational_interfaces/lib/libconversational_interfaces__rosidl_typesupport_introspection_c.so
-- Set non-toolchain portion of runtime path of "/home/valee/voice_ros2/install/conversational_interfaces/lib/libconversational_interfaces__rosidl_typesupport_introspection_c.so" to ""
-- Installing: /home/valee/voice_ros2/install/conversational_interfaces/lib/libconversational_interfaces__rosidl_typesupport_c.so
-- Set non-toolchain portion of runtime path of "/home/valee/voice_ros2/install/conversational_interfaces/lib/libconversational_interfaces__rosidl_typesupport_c.so" to ""
-- Installing: /home/valee/voice_ros2/install/conversational_interfaces/lib/libconversational_interfaces__rosidl_typesupport_fastrtps_cpp.so
-- Set non-toolchain portion of runtime path of "/home/valee/voice_ros2/install/conversational_interfaces/lib/libconversational_interfaces__rosidl_typesupport_fastrtps_cpp.so" to ""
-- Installing: /home/valee/voice_ros2/install/conversational_interfaces/lib/libconversational_interfaces__rosidl_typesupport_introspection_cpp.so
-- Set non-toolchain portion of runtime path of "/home/valee/voice_ros2/install/conversational_interfaces/lib/libconversational_interfaces__rosidl_typesupport_introspection_cpp.so" to ""
-- Installing: /home/valee/voice_ros2/install/conversational_interfaces/lib/libconversational_interfaces__rosidl_typesupport_cpp.so
-- Set non-toolchain portion of runtime path of "/home/valee/voice_ros2/install/conversational_interfaces/lib/libconversational_interfaces__rosidl_typesupport_cpp.so" to ""
Listing '/home/valee/voice_ros2/install/conversational_interfaces/lib/python3.12/site-packages/conversational_interfaces'...
Compiling '/home/valee/voice_ros2/install/conversational_interfaces/lib/python3.12/site-packages/conversational_interfaces/__init__.py'...
Listing '/home/valee/voice_ros2/install/conversational_interfaces/lib/python3.12/site-packages/conversational_interfaces/msg'...
Compiling '/home/valee/voice_ros2/install/conversational_interfaces/lib/python3.12/site-packages/conversational_interfaces/msg/__init__.py'...
Compiling '/home/valee/voice_ros2/install/conversational_interfaces/lib/python3.12/site-packages/conversational_interfaces/msg/_audio.py'...
Compiling '/home/valee/voice_ros2/install/conversational_interfaces/lib/python3.12/site-packages/conversational_interfaces/msg/_text_chunk.py'...
Compiling '/home/valee/voice_ros2/install/conversational_interfaces/lib/python3.12/site-packages/conversational_interfaces/msg/_transcription.py'...
-- Installing: /home/valee/voice_ros2/install/conversational_interfaces/lib/libconversational_interfaces__rosidl_generator_py.so
-- Set non-toolchain portion of runtime path of "/home/valee/voice_ros2/install/conversational_interfaces/lib/libconversational_interfaces__rosidl_generator_py.so" to ""
-- Installing: /home/valee/voice_ros2/install/conversational_interfaces/share/conversational_interfaces/cmake/export_conversational_interfaces__rosidl_generator_cExport.cmake
-- Installing: /home/valee/voice_ros2/install/conversational_interfaces/share/conversational_interfaces/cmake/export_conversational_interfaces__rosidl_generator_cExport-noconfig.cmake
-- Installing: /home/valee/voice_ros2/install/conversational_interfaces/share/conversational_interfaces/cmake/export_conversational_interfaces__rosidl_typesupport_fastrtps_cExport.cmake
-- Installing: /home/valee/voice_ros2/install/conversational_interfaces/share/conversational_interfaces/cmake/export_conversational_interfaces__rosidl_typesupport_fastrtps_cExport-noconfig.cmake
-- Installing: /home/valee/voice_ros2/install/conversational_interfaces/share/conversational_interfaces/cmake/conversational_interfaces__rosidl_typesupport_introspection_cExport.cmake
-- Installing: /home/valee/voice_ros2/install/conversational_interfaces/share/conversational_interfaces/cmake/conversational_interfaces__rosidl_typesupport_introspection_cExport-noconfig.cmake
-- Installing: /home/valee/voice_ros2/install/conversational_interfaces/share/conversational_interfaces/cmake/conversational_interfaces__rosidl_typesupport_cExport.cmake
-- Installing: /home/valee/voice_ros2/install/conversational_interfaces/share/conversational_interfaces/cmake/conversational_interfaces__rosidl_typesupport_cExport-noconfig.cmake
-- Installing: /home/valee/voice_ros2/install/conversational_interfaces/share/conversational_interfaces/cmake/export_conversational_interfaces__rosidl_generator_cppExport.cmake
-- Installing: /home/valee/voice_ros2/install/conversational_interfaces/share/conversational_interfaces/cmake/export_conversational_interfaces__rosidl_typesupport_fastrtps_cppExport.cmake
-- Installing: /home/valee/voice_ros2/install/conversational_interfaces/share/conversational_interfaces/cmake/export_conversational_interfaces__rosidl_typesupport_fastrtps_cppExport-noconfig.cmake
-- Installing: /home/valee/voice_ros2/install/conversational_interfaces/share/conversational_interfaces/cmake/conversational_interfaces__rosidl_typesupport_introspection_cppExport.cmake
-- Installing: /home/valee/voice_ros2/install/conversational_interfaces/share/conversational_interfaces/cmake/conversational_interfaces__rosidl_typesupport_introspection_cppExport-noconfig.cmake
-- Installing: /home/valee/voice_ros2/install/conversational_interfaces/share/conversational_interfaces/cmake/conversational_interfaces__rosidl_typesupport_cppExport.cmake
-- Installing: /home/valee/voice_ros2/install/conversational_interfaces/share/conversational_interfaces/cmake/conversational_interfaces__rosidl_typesupport_cppExport-noconfig.cmake
-- Installing: /home/valee/voice_ros2/install/conversational_interfaces/share/conversational_interfaces/cmake/export_conversational_interfaces__rosidl_generator_pyExport.cmake
-- Installing: /home/valee/voice_ros2/install/conversational_interfaces/share/conversational_interfaces/cmake/export_conversational_interfaces__rosidl_generator_pyExport-noconfig.cmake
